// Jest Snapshot v1, https://goo.gl/fbAQLP

exports[`<MemberModal  /> should match snapshot 1`] = `null`;
