// Jest Snapshot v1, https://goo.gl/fbAQLP

exports[`<RichEditor  /> should match snapshot 1`] = `
.c0 .editor {
  position: relative;
  box-sizing: border-box;
  border: 1px solid #ddd;
  cursor: text;
  padding: 48px 16px 16px 16px;
  border-radius: 2px;
  margin-bottom: 2em;
  box-shadow: inset 0px 1px 8px -3px #ababab;
  background: #fefefe;
  width: 500px;
}

.c0 .editor .public-DraftEditor-content {
  min-height: 140px;
}

.c0 .buttonWrapper {
  display: inline-block;
}

.c0 .button {
  width: 100%;
  background: #fbfbfb;
  color: #888;
  font-size: 18px;
  border: 0;
  vertical-align: bottom;
  height: 34px;
}

.c0 .button svg {
  fill: #888;
}

.c0 .button:hover,
.c0 .button:focus {
  background: #f3f3f3;
  outline: 0;
}

.c0 .active {
  background-color: #ddd;
  color: black;
}

.c0 .active svg {
  fill: black;
}

.c0 .toolbar {
  position: absolute;
  top: 0;
  left: 0;
  width: 100%;
  border: 1px solid #ddd;
  background: #fbfbfb;
  border-radius: 2px;
  box-shadow: 0px 1px 3px 0px rgb(220 220 220);
  z-index: 2;
  box-sizing: border-box;
}

.c0 .hashtag {
  color: rgb(28,65,167);
  background-color: rgba(28,65,167,0.1);
}

.c0 blockquote {
  margin: 1em;
}

<div
  class="c0"
>
  <div
    class="editor"
  >
    <div
      class="DraftEditor-root"
    >
      <div
        class="DraftEditor-editorContainer"
      >
        <div
          aria-autocomplete="list"
          aria-expanded="false"
          class="notranslate public-DraftEditor-content"
          contenteditable="true"
          role="combobox"
          spellcheck="false"
          style="outline: none; user-select: text; white-space: pre-wrap; word-wrap: break-word;"
        >
          <div
            data-contents="true"
          >
            <div
              class=""
              data-block="true"
              data-editor="99e7u"
              data-offset-key="osmp-0-0"
            >
              <div
                class="public-DraftStyleDefault-block public-DraftStyleDefault-ltr"
                data-offset-key="osmp-0-0"
              >
                <span
                  data-offset-key="osmp-0-0"
                >
                  <br
                    data-text="true"
                  />
                </span>
              </div>
            </div>
          </div>
        </div>
      </div>
    </div>
    <div
      class="toolbar"
    >
      <div
        class="buttonWrapper"
      >
        <button
          class="button"
          type="button"
        >
          <svg
            height="24"
            viewBox="0 0 24 24"
            width="24"
            xmlns="http://www.w3.org/2000/svg"
          >
            <path
              d="M15.6 10.79c.97-.67 1.65-1.77 1.65-2.79 0-2.26-1.75-4-4-4H7v14h7.04c2.09 0 3.71-1.7 3.71-3.79 0-1.52-.86-2.82-2.15-3.42zM10 6.5h3c.83 0 1.5.67 1.5 1.5s-.67 1.5-1.5 1.5h-3v-3zm3.5 9H10v-3h3.5c.83 0 1.5.67 1.5 1.5s-.67 1.5-1.5 1.5z"
            />
            <path
              d="M0 0h24v24H0z"
              fill="none"
            />
          </svg>
        </button>
      </div>
      <div
        class="buttonWrapper"
      >
        <button
          class="button"
          type="button"
        >
          <svg
            height="24"
            viewBox="0 0 24 24"
            width="24"
            xmlns="http://www.w3.org/2000/svg"
          >
            <path
              d="M0 0h24v24H0z"
              fill="none"
            />
            <path
              d="M10 4v3h2.21l-3.42 8H6v3h8v-3h-2.21l3.42-8H18V4z"
            />
          </svg>
        </button>
      </div>
      <div
        class="buttonWrapper"
      >
        <button
          class="button"
          type="button"
        >
          <svg
            height="24"
            viewBox="0 0 24 24"
            width="24"
            xmlns="http://www.w3.org/2000/svg"
          >
            <path
              d="M0 0h24v24H0z"
              fill="none"
            />
            <path
              d="M12 17c3.31 0 6-2.69 6-6V3h-2.5v8c0 1.93-1.57 3.5-3.5 3.5S8.5 12.93 8.5 11V3H6v8c0 3.31 2.69 6 6 6zm-7 2v2h14v-2H5z"
            />
          </svg>
        </button>
      </div>
      <div
        class="s6m29i4"
      />
      <div
        class="buttonWrapper"
      >
        <button
          class="button"
          type="button"
        >
          H1
        </button>
      </div>
      <div
        class="buttonWrapper"
      >
        <button
          class="button"
          type="button"
        >
          H2
        </button>
      </div>
      <div
        class="buttonWrapper"
      >
        <button
          class="button"
          type="button"
        >
          H3
        </button>
      </div>
      <div
        class="s6m29i4"
      />
      <div
        class="buttonWrapper"
      >
        <button
          class="button"
          type="button"
        >
          <svg
            height="24"
            viewBox="0 0 24 24"
            width="24"
            xmlns="http://www.w3.org/2000/svg"
          >
            <path
              d="M4 10.5c-.83 0-1.5.67-1.5 1.5s.67 1.5 1.5 1.5 1.5-.67 1.5-1.5-.67-1.5-1.5-1.5zm0-6c-.83 0-1.5.67-1.5 1.5S3.17 7.5 4 7.5 5.5 6.83 5.5 6 4.83 4.5 4 4.5zm0 12c-.83 0-1.5.68-1.5 1.5s.68 1.5 1.5 1.5 1.5-.68 1.5-1.5-.67-1.5-1.5-1.5zM7 19h14v-2H7v2zm0-6h14v-2H7v2zm0-8v2h14V5H7z"
            />
            <path
              d="M0 0h24v24H0V0z"
              fill="none"
            />
          </svg>
        </button>
      </div>
      <div
        class="buttonWrapper"
      >
        <button
          class="button"
          type="button"
        >
          <svg
            height="24"
            viewBox="0 0 24 24"
            width="24"
            xmlns="http://www.w3.org/2000/svg"
          >
            <path
              d="M2 17h2v.5H3v1h1v.5H2v1h3v-4H2v1zm1-9h1V4H2v1h1v3zm-1 3h1.8L2 13.1v.9h3v-1H3.2L5 10.9V10H2v1zm5-6v2h14V5H7zm0 14h14v-2H7v2zm0-6h14v-2H7v2z"
            />
            <path
              d="M0 0h24v24H0z"
              fill="none"
            />
          </svg>
        </button>
      </div>
      <div
        class="buttonWrapper"
      >
        <button
          class="button"
          type="button"
        >
          <svg
            height="24"
            viewBox="0 0 24 24"
            width="24"
            xmlns="http://www.w3.org/2000/svg"
          >
            <path
              d="M6 17h3l2-4V7H5v6h3zm8 0h3l2-4V7h-6v6h3z"
            />
            <path
              d="M0 0h24v24H0z"
              fill="none"
            />
          </svg>
        </button>
      </div>
    </div>
    <div
      class="tukdd6b"
      style="transform: translate(-50%) scale(0); visibility: hidden;"
    >
      <div
        class="bpsgbes"
      >
        <button
          class="b181v2oy"
          type="button"
        >
          <svg
            height="24"
            viewBox="0 0 24 24"
            width="24"
            xmlns="http://www.w3.org/2000/svg"
          >
            <path
              d="M15.6 10.79c.97-.67 1.65-1.77 1.65-2.79 0-2.26-1.75-4-4-4H7v14h7.04c2.09 0 3.71-1.7 3.71-3.79 0-1.52-.86-2.82-2.15-3.42zM10 6.5h3c.83 0 1.5.67 1.5 1.5s-.67 1.5-1.5 1.5h-3v-3zm3.5 9H10v-3h3.5c.83 0 1.5.67 1.5 1.5s-.67 1.5-1.5 1.5z"
            />
            <path
              d="M0 0h24v24H0z"
              fill="none"
            />
          </svg>
        </button>
      </div>
      <div
        class="bpsgbes"
      >
        <button
          class="b181v2oy"
          type="button"
        >
          <svg
            height="24"
            viewBox="0 0 24 24"
            width="24"
            xmlns="http://www.w3.org/2000/svg"
          >
            <path
              d="M0 0h24v24H0z"
              fill="none"
            />
            <path
              d="M10 4v3h2.21l-3.42 8H6v3h8v-3h-2.21l3.42-8H18V4z"
            />
          </svg>
        </button>
      </div>
      <div
        class="bpsgbes"
      >
        <button
          class="b181v2oy"
          type="button"
        >
          <svg
            height="24"
            viewBox="0 0 24 24"
            width="24"
            xmlns="http://www.w3.org/2000/svg"
          >
            <path
              d="M0 0h24v24H0z"
              fill="none"
            />
            <path
              d="M12 17c3.31 0 6-2.69 6-6V3h-2.5v8c0 1.93-1.57 3.5-3.5 3.5S8.5 12.93 8.5 11V3H6v8c0 3.31 2.69 6 6 6zm-7 2v2h14v-2H5z"
            />
          </svg>
        </button>
      </div>
      <div
        class="bpsgbes"
      >
        <button
          class="b181v2oy"
          type="button"
        >
          <svg
            height="24"
            viewBox="0 0 24 24"
            width="24"
            xmlns="http://www.w3.org/2000/svg"
          >
            <path
              d="M0 0h24v24H0z"
              fill="none"
            />
            <path
              d="M3.9 12c0-1.71 1.39-3.1 3.1-3.1h4V7H7c-2.76 0-5 2.24-5 5s2.24 5 5 5h4v-1.9H7c-1.71 0-3.1-1.39-3.1-3.1zM8 13h8v-2H8v2zm9-6h-4v1.9h4c1.71 0 3.1 1.39 3.1 3.1s-1.39 3.1-3.1 3.1h-4V17h4c2.76 0 5-2.24 5-5s-2.24-5-5-5z"
            />
          </svg>
        </button>
      </div>
    </div>
  </div>
  <button
    class="ant-btn ant-btn-primary ant-btn-lg"
    type="button"
  >
    <span>
      Save
    </span>
  </button>
</div>
`;
