// Jest Snapshot v1, https://goo.gl/fbAQLP

exports[`<IdCardInfo  /> should match snapshot 1`] = `
.c0 {
  color: #1890ff;
  margin-bottom: 24px;
}

<div
  class="c0"
>
  <b>
     
    UserDetailPage.modal.form.profile.idCard.title
    Id Card Information
  </b>
</div>
`;
