// Jest Snapshot v1, https://goo.gl/fbAQLP

exports[`<ProjectDetailPage  /> should match snapshot 1`] = `
.c1 {
  font-size: 25px;
  line-height: 30px;
  color: rgb(112 112 112);
  padding: 0;
  margin: 0;
}

.c0 {
  padding: 1rem;
  background-color: white;
  border-radius: 12px;
  box-shadow: 0px 3px 6px 0px rgba(0,0,0,0.16);
  width: 100%;
}

<div
  class="c0"
>
  <p
    class="c1"
  >
    ProjectDetailPage.title
    Project Detail
  </p>
</div>
`;
