// Jest Snapshot v1, https://goo.gl/fbAQLP

exports[`<BankAccounts  /> should match snapshot 1`] = `null`;
