// Jest Snapshot v1, https://goo.gl/fbAQLP

exports[`<Notes  /> should match snapshot 1`] = `
.c0 {
  background-color: white;
  padding: 1rem;
  box-shadow: 0px 3px 6px 0px rgba(0,0,0,0.16);
  border-radius: 12px;
}

.c1 {
  display: -webkit-box;
  display: -webkit-flex;
  display: -ms-flexbox;
  display: flex;
  -webkit-box-pack: end;
  -webkit-justify-content: flex-end;
  -ms-flex-pack: end;
  justify-content: flex-end;
  padding-bottom: 20px;
}

.c2 svg {
  vertical-align: baseline;
}

<div
  class="c0"
>
  <div
    class="c1"
  >
    <button
      class="ant-btn ant-btn-primary ant-btn-lg c2"
      type="button"
    >
      <span
        aria-label="form"
        class="anticon anticon-form"
        role="img"
      >
        <svg
          aria-hidden="true"
          data-icon="form"
          fill="currentColor"
          focusable="false"
          height="1em"
          viewBox="64 64 896 896"
          width="1em"
        >
          <path
            d="M904 512h-56c-4.4 0-8 3.6-8 8v320H184V184h320c4.4 0 8-3.6 8-8v-56c0-4.4-3.6-8-8-8H144c-17.7 0-32 14.3-32 32v736c0 17.7 14.3 32 32 32h736c17.7 0 32-14.3 32-32V520c0-4.4-3.6-8-8-8z"
          />
          <path
            d="M355.9 534.9L354 653.8c-.1 8.9 7.1 16.2 16 16.2h.4l118-2.9c2-.1 4-.9 5.4-2.3l415.9-415c3.1-3.1 3.1-8.2 0-11.3L785.4 114.3c-1.6-1.6-3.6-2.3-5.7-2.3s-4.1.8-5.7 2.3l-415.8 415a8.3 8.3 0 00-2.3 5.6zm63.5 23.6L779.7 199l45.2 45.1-360.5 359.7-45.7 1.1.7-46.4z"
          />
        </svg>
      </span>
      <span>
        Create Notes
      </span>
    </button>
  </div>
  <div
    class="ant-table-wrapper"
  >
    <div
      class="ant-spin-nested-loading"
    >
      <div>
        <div
          class="ant-spin ant-spin-spinning"
        >
          <span
            class="ant-spin-dot ant-spin-dot-spin"
          >
            <i
              class="ant-spin-dot-item"
            />
            <i
              class="ant-spin-dot-item"
            />
            <i
              class="ant-spin-dot-item"
            />
            <i
              class="ant-spin-dot-item"
            />
          </span>
        </div>
      </div>
      <div
        class="ant-spin-container ant-spin-blur"
      >
        <div
          class="ant-table ant-table-bordered ant-table-empty ant-table-scroll-horizontal"
        >
          <div
            class="ant-table-container"
          >
            <div
              class="ant-table-content"
              style="overflow-x: auto; overflow-y: hidden;"
            >
              <table
                style="width: 1100px; min-width: 100%; table-layout: fixed;"
              >
                <colgroup>
                  <col
                    class="ant-table-selection-col"
                  />
                </colgroup>
                <thead
                  class="ant-table-thead"
                >
                  <tr>
                    <th
                      class="ant-table-cell ant-table-selection-column"
                    >
                      <div
                        class="ant-table-selection"
                      >
                        <label
                          class="ant-checkbox-wrapper ant-checkbox-wrapper-disabled"
                        >
                          <span
                            class="ant-checkbox ant-checkbox-disabled"
                          >
                            <input
                              class="ant-checkbox-input"
                              disabled=""
                              type="checkbox"
                              value=""
                            />
                            <span
                              class="ant-checkbox-inner"
                            />
                          </span>
                        </label>
                      </div>
                    </th>
                    <th
                      class="ant-table-cell ant-table-cell-ellipsis ant-table-column-has-sorters"
                    >
                      <div
                        class="ant-table-filter-column"
                      >
                        <span
                          class="ant-table-filter-column-title"
                        >
                          <div
                            class="ant-table-column-sorters-with-tooltip"
                          >
                            <div
                              class="ant-table-column-sorters"
                            >
                              <span>
                                NotesPage.list.type
                                Type
                              </span>
                              <span
                                class="ant-table-column-sorter ant-table-column-sorter-full"
                              >
                                <span
                                  class="ant-table-column-sorter-inner"
                                >
                                  <span
                                    aria-label="caret-up"
                                    class="anticon anticon-caret-up ant-table-column-sorter-up"
                                    role="img"
                                  >
                                    <svg
                                      aria-hidden="true"
                                      data-icon="caret-up"
                                      fill="currentColor"
                                      focusable="false"
                                      height="1em"
                                      viewBox="0 0 1024 1024"
                                      width="1em"
                                    >
                                      <path
                                        d="M858.9 689L530.5 308.2c-9.4-10.9-27.5-10.9-37 0L165.1 689c-12.2 14.2-1.2 35 18.5 35h656.8c19.7 0 30.7-20.8 18.5-35z"
                                      />
                                    </svg>
                                  </span>
                                  <span
                                    aria-label="caret-down"
                                    class="anticon anticon-caret-down ant-table-column-sorter-down"
                                    role="img"
                                  >
                                    <svg
                                      aria-hidden="true"
                                      data-icon="caret-down"
                                      fill="currentColor"
                                      focusable="false"
                                      height="1em"
                                      viewBox="0 0 1024 1024"
                                      width="1em"
                                    >
                                      <path
                                        d="M840.4 300H183.6c-19.7 0-30.7 20.8-18.5 35l328.4 380.8c9.4 10.9 27.5 10.9 37 0L858.9 335c12.2-14.2 1.2-35-18.5-35z"
                                      />
                                    </svg>
                                  </span>
                                </span>
                              </span>
                            </div>
                          </div>
                        </span>
                        <span
                          class="ant-table-filter-trigger-container"
                        >
                          <span
                            class="ant-dropdown-trigger ant-table-filter-trigger"
                            role="button"
                            tabindex="-1"
                          >
                            <span
                              aria-label="search"
                              class="anticon anticon-search"
                              role="img"
                            >
                              <svg
                                aria-hidden="true"
                                data-icon="search"
                                fill="currentColor"
                                focusable="false"
                                height="1em"
                                viewBox="64 64 896 896"
                                width="1em"
                              >
                                <path
                                  d="M909.6 854.5L649.9 594.8C690.2 542.7 712 479 712 412c0-80.2-31.3-155.4-87.9-212.1-56.6-56.7-132-87.9-212.1-87.9s-155.5 31.3-212.1 87.9C143.2 256.5 112 331.8 112 412c0 80.1 31.3 155.5 87.9 212.1C256.5 680.8 331.8 712 412 712c67 0 130.6-21.8 182.7-62l259.7 259.6a8.2 8.2 0 0011.6 0l43.6-43.5a8.2 8.2 0 000-11.6zM570.4 570.4C528 612.7 471.8 636 412 636s-116-23.3-158.4-65.6C211.3 528 188 471.8 188 412s23.3-116.1 65.6-158.4C296 211.3 352.2 188 412 188s116.1 23.2 158.4 65.6S636 352.2 636 412s-23.3 116.1-65.6 158.4z"
                                />
                              </svg>
                            </span>
                          </span>
                        </span>
                      </div>
                    </th>
                    <th
                      class="ant-table-cell ant-table-cell-ellipsis ant-table-column-has-sorters"
                    >
                      <div
                        class="ant-table-filter-column"
                      >
                        <span
                          class="ant-table-filter-column-title"
                        >
                          <div
                            class="ant-table-column-sorters-with-tooltip"
                          >
                            <div
                              class="ant-table-column-sorters"
                            >
                              <span>
                                NotesPage.list.summary
                                Summary
                              </span>
                              <span
                                class="ant-table-column-sorter ant-table-column-sorter-full"
                              >
                                <span
                                  class="ant-table-column-sorter-inner"
                                >
                                  <span
                                    aria-label="caret-up"
                                    class="anticon anticon-caret-up ant-table-column-sorter-up"
                                    role="img"
                                  >
                                    <svg
                                      aria-hidden="true"
                                      data-icon="caret-up"
                                      fill="currentColor"
                                      focusable="false"
                                      height="1em"
                                      viewBox="0 0 1024 1024"
                                      width="1em"
                                    >
                                      <path
                                        d="M858.9 689L530.5 308.2c-9.4-10.9-27.5-10.9-37 0L165.1 689c-12.2 14.2-1.2 35 18.5 35h656.8c19.7 0 30.7-20.8 18.5-35z"
                                      />
                                    </svg>
                                  </span>
                                  <span
                                    aria-label="caret-down"
                                    class="anticon anticon-caret-down ant-table-column-sorter-down"
                                    role="img"
                                  >
                                    <svg
                                      aria-hidden="true"
                                      data-icon="caret-down"
                                      fill="currentColor"
                                      focusable="false"
                                      height="1em"
                                      viewBox="0 0 1024 1024"
                                      width="1em"
                                    >
                                      <path
                                        d="M840.4 300H183.6c-19.7 0-30.7 20.8-18.5 35l328.4 380.8c9.4 10.9 27.5 10.9 37 0L858.9 335c12.2-14.2 1.2-35-18.5-35z"
                                      />
                                    </svg>
                                  </span>
                                </span>
                              </span>
                            </div>
                          </div>
                        </span>
                        <span
                          class="ant-table-filter-trigger-container"
                        >
                          <span
                            class="ant-dropdown-trigger ant-table-filter-trigger"
                            role="button"
                            tabindex="-1"
                          >
                            <span
                              aria-label="search"
                              class="anticon anticon-search"
                              role="img"
                            >
                              <svg
                                aria-hidden="true"
                                data-icon="search"
                                fill="currentColor"
                                focusable="false"
                                height="1em"
                                viewBox="64 64 896 896"
                                width="1em"
                              >
                                <path
                                  d="M909.6 854.5L649.9 594.8C690.2 542.7 712 479 712 412c0-80.2-31.3-155.4-87.9-212.1-56.6-56.7-132-87.9-212.1-87.9s-155.5 31.3-212.1 87.9C143.2 256.5 112 331.8 112 412c0 80.1 31.3 155.5 87.9 212.1C256.5 680.8 331.8 712 412 712c67 0 130.6-21.8 182.7-62l259.7 259.6a8.2 8.2 0 0011.6 0l43.6-43.5a8.2 8.2 0 000-11.6zM570.4 570.4C528 612.7 471.8 636 412 636s-116-23.3-158.4-65.6C211.3 528 188 471.8 188 412s23.3-116.1 65.6-158.4C296 211.3 352.2 188 412 188s116.1 23.2 158.4 65.6S636 352.2 636 412s-23.3 116.1-65.6 158.4z"
                                />
                              </svg>
                            </span>
                          </span>
                        </span>
                      </div>
                    </th>
                    <th
                      class="ant-table-cell ant-table-column-has-sorters"
                    >
                      <div
                        class="ant-table-column-sorters-with-tooltip"
                      >
                        <div
                          class="ant-table-column-sorters"
                        >
                          <span>
                            NotesPage.list.date
                            Date
                          </span>
                          <span
                            class="ant-table-column-sorter ant-table-column-sorter-full"
                          >
                            <span
                              class="ant-table-column-sorter-inner"
                            >
                              <span
                                aria-label="caret-up"
                                class="anticon anticon-caret-up ant-table-column-sorter-up"
                                role="img"
                              >
                                <svg
                                  aria-hidden="true"
                                  data-icon="caret-up"
                                  fill="currentColor"
                                  focusable="false"
                                  height="1em"
                                  viewBox="0 0 1024 1024"
                                  width="1em"
                                >
                                  <path
                                    d="M858.9 689L530.5 308.2c-9.4-10.9-27.5-10.9-37 0L165.1 689c-12.2 14.2-1.2 35 18.5 35h656.8c19.7 0 30.7-20.8 18.5-35z"
                                  />
                                </svg>
                              </span>
                              <span
                                aria-label="caret-down"
                                class="anticon anticon-caret-down ant-table-column-sorter-down"
                                role="img"
                              >
                                <svg
                                  aria-hidden="true"
                                  data-icon="caret-down"
                                  fill="currentColor"
                                  focusable="false"
                                  height="1em"
                                  viewBox="0 0 1024 1024"
                                  width="1em"
                                >
                                  <path
                                    d="M840.4 300H183.6c-19.7 0-30.7 20.8-18.5 35l328.4 380.8c9.4 10.9 27.5 10.9 37 0L858.9 335c12.2-14.2 1.2-35-18.5-35z"
                                  />
                                </svg>
                              </span>
                            </span>
                          </span>
                        </div>
                      </div>
                    </th>
                    <th
                      class="ant-table-cell ant-table-column-has-sorters"
                    >
                      <div
                        class="ant-table-column-sorters-with-tooltip"
                      >
                        <div
                          class="ant-table-column-sorters"
                        >
                          <span>
                            NotesPage.list.content
                            Content
                          </span>
                          <span
                            class="ant-table-column-sorter ant-table-column-sorter-full"
                          >
                            <span
                              class="ant-table-column-sorter-inner"
                            >
                              <span
                                aria-label="caret-up"
                                class="anticon anticon-caret-up ant-table-column-sorter-up"
                                role="img"
                              >
                                <svg
                                  aria-hidden="true"
                                  data-icon="caret-up"
                                  fill="currentColor"
                                  focusable="false"
                                  height="1em"
                                  viewBox="0 0 1024 1024"
                                  width="1em"
                                >
                                  <path
                                    d="M858.9 689L530.5 308.2c-9.4-10.9-27.5-10.9-37 0L165.1 689c-12.2 14.2-1.2 35 18.5 35h656.8c19.7 0 30.7-20.8 18.5-35z"
                                  />
                                </svg>
                              </span>
                              <span
                                aria-label="caret-down"
                                class="anticon anticon-caret-down ant-table-column-sorter-down"
                                role="img"
                              >
                                <svg
                                  aria-hidden="true"
                                  data-icon="caret-down"
                                  fill="currentColor"
                                  focusable="false"
                                  height="1em"
                                  viewBox="0 0 1024 1024"
                                  width="1em"
                                >
                                  <path
                                    d="M840.4 300H183.6c-19.7 0-30.7 20.8-18.5 35l328.4 380.8c9.4 10.9 27.5 10.9 37 0L858.9 335c12.2-14.2 1.2-35-18.5-35z"
                                  />
                                </svg>
                              </span>
                            </span>
                          </span>
                        </div>
                      </div>
                    </th>
                    <th
                      class="ant-table-cell"
                    >
                      NotesPage.list.actions
                      Actions
                    </th>
                  </tr>
                </thead>
                <tbody
                  class="ant-table-tbody"
                >
                  <tr
                    aria-hidden="true"
                    class="ant-table-measure-row"
                    style="height: 0px; font-size: 0px;"
                  >
                    <td
                      style="padding: 0px; border: 0px; height: 0px;"
                    >
                      <div
                        style="height: 0px; overflow: hidden;"
                      >
                         
                      </div>
                    </td>
                    <td
                      style="padding: 0px; border: 0px; height: 0px;"
                    >
                      <div
                        style="height: 0px; overflow: hidden;"
                      >
                         
                      </div>
                    </td>
                    <td
                      style="padding: 0px; border: 0px; height: 0px;"
                    >
                      <div
                        style="height: 0px; overflow: hidden;"
                      >
                         
                      </div>
                    </td>
                    <td
                      style="padding: 0px; border: 0px; height: 0px;"
                    >
                      <div
                        style="height: 0px; overflow: hidden;"
                      >
                         
                      </div>
                    </td>
                    <td
                      style="padding: 0px; border: 0px; height: 0px;"
                    >
                      <div
                        style="height: 0px; overflow: hidden;"
                      >
                         
                      </div>
                    </td>
                    <td
                      style="padding: 0px; border: 0px; height: 0px;"
                    >
                      <div
                        style="height: 0px; overflow: hidden;"
                      >
                         
                      </div>
                    </td>
                  </tr>
                  <tr
                    class="ant-table-placeholder"
                  >
                    <td
                      class="ant-table-cell"
                      colspan="6"
                    >
                      <div
                        class="ant-table-expanded-row-fixed"
                        style="width: 0px; position: sticky; left: 0px; overflow: hidden;"
                      >
                        <div
                          class="ant-empty ant-empty-normal"
                        >
                          <div
                            class="ant-empty-image"
                          >
                            <svg
                              class="ant-empty-img-simple"
                              height="41"
                              viewBox="0 0 64 41"
                              width="64"
                              xmlns="http://www.w3.org/2000/svg"
                            >
                              <g
                                fill="none"
                                fill-rule="evenodd"
                                transform="translate(0 1)"
                              >
                                <ellipse
                                  class="ant-empty-img-simple-ellipse"
                                  cx="32"
                                  cy="33"
                                  rx="32"
                                  ry="7"
                                />
                                <g
                                  class="ant-empty-img-simple-g"
                                  fill-rule="nonzero"
                                >
                                  <path
                                    d="M55 12.76L44.854 1.258C44.367.474 43.656 0 42.907 0H21.093c-.749 0-1.46.474-1.947 1.257L9 12.761V22h46v-9.24z"
                                  />
                                  <path
                                    class="ant-empty-img-simple-path"
                                    d="M41.613 15.931c0-1.605.994-2.93 2.227-2.931H55v18.137C55 33.26 53.68 35 52.05 35h-40.1C10.32 35 9 33.259 9 31.137V13h11.16c1.233 0 2.227 1.323 2.227 2.928v.022c0 1.605 1.005 2.901 2.237 2.901h14.752c1.232 0 2.237-1.308 2.237-2.913v-.007z"
                                  />
                                </g>
                              </g>
                            </svg>
                          </div>
                          <div
                            class="ant-empty-description"
                          >
                            No Data
                          </div>
                        </div>
                      </div>
                    </td>
                  </tr>
                </tbody>
              </table>
            </div>
          </div>
        </div>
        <ul
          class="ant-pagination ant-table-pagination ant-table-pagination-right"
          unselectable="unselectable"
        >
          <li
            class="ant-pagination-total-text"
          >
            <div>
              Showing
               
              <span>
                1
                -
                5
              </span>
               
              of 
              5
               items
            </div>
          </li>
          <li
            aria-disabled="true"
            class="ant-pagination-prev ant-pagination-disabled"
            title="Previous Page"
          >
            <button
              class="ant-pagination-item-link"
              disabled=""
              tabindex="-1"
              type="button"
            >
              <span
                aria-label="left"
                class="anticon anticon-left"
                role="img"
              >
                <svg
                  aria-hidden="true"
                  data-icon="left"
                  fill="currentColor"
                  focusable="false"
                  height="1em"
                  viewBox="64 64 896 896"
                  width="1em"
                >
                  <path
                    d="M724 218.3V141c0-6.7-7.7-10.4-12.9-6.3L260.3 486.8a31.86 31.86 0 000 50.3l450.8 352.1c5.3 4.1 12.9.4 12.9-6.3v-77.3c0-4.9-2.3-9.6-6.1-12.6l-360-281 360-281.1c3.8-3 6.1-7.7 6.1-12.6z"
                  />
                </svg>
              </span>
            </button>
          </li>
          <li
            class="ant-pagination-item ant-pagination-item-1 ant-pagination-item-active"
            tabindex="0"
            title="1"
          >
            <a
              rel="nofollow"
            >
              1
            </a>
          </li>
          <li
            aria-disabled="true"
            class="ant-pagination-next ant-pagination-disabled"
            title="Next Page"
          >
            <button
              class="ant-pagination-item-link"
              disabled=""
              tabindex="-1"
              type="button"
            >
              <span
                aria-label="right"
                class="anticon anticon-right"
                role="img"
              >
                <svg
                  aria-hidden="true"
                  data-icon="right"
                  fill="currentColor"
                  focusable="false"
                  height="1em"
                  viewBox="64 64 896 896"
                  width="1em"
                >
                  <path
                    d="M765.7 486.8L314.9 134.7A7.97 7.97 0 00302 141v77.3c0 4.9 2.3 9.6 6.1 12.6l360 281.1-360 281.1c-3.9 3-6.1 7.7-6.1 12.6V883c0 6.7 7.7 10.4 12.9 6.3l450.8-352.1a31.96 31.96 0 000-50.4z"
                  />
                </svg>
              </span>
            </button>
          </li>
          <li
            class="ant-pagination-options"
          >
            <div
              class="ant-select ant-pagination-options-size-changer ant-select-single ant-select-show-arrow"
            >
              <div
                class="ant-select-selector"
              >
                <span
                  class="ant-select-selection-search"
                >
                  <input
                    aria-activedescendant="rc_select_TEST_OR_SSR_list_0"
                    aria-autocomplete="list"
                    aria-controls="rc_select_TEST_OR_SSR_list"
                    aria-haspopup="listbox"
                    aria-owns="rc_select_TEST_OR_SSR_list"
                    autocomplete="off"
                    class="ant-select-selection-search-input"
                    id="rc_select_TEST_OR_SSR"
                    readonly=""
                    role="combobox"
                    style="opacity: 0;"
                    type="search"
                    unselectable="on"
                    value=""
                  />
                </span>
                <span
                  class="ant-select-selection-item"
                  title="5 / page"
                >
                  5 / page
                </span>
              </div>
              <span
                aria-hidden="true"
                class="ant-select-arrow"
                style="user-select: none;"
                unselectable="on"
              >
                <span
                  aria-label="down"
                  class="anticon anticon-down ant-select-suffix"
                  role="img"
                >
                  <svg
                    aria-hidden="true"
                    data-icon="down"
                    fill="currentColor"
                    focusable="false"
                    height="1em"
                    viewBox="64 64 896 896"
                    width="1em"
                  >
                    <path
                      d="M884 256h-75c-5.1 0-9.9 2.5-12.9 6.6L512 654.2 227.9 262.6c-3-4.1-7.8-6.6-12.9-6.6h-75c-6.5 0-10.3 7.4-6.5 12.7l352.6 486.1c12.8 17.6 39 17.6 51.7 0l352.6-486.1c3.9-5.3.1-12.7-6.4-12.7z"
                    />
                  </svg>
                </span>
              </span>
            </div>
          </li>
        </ul>
      </div>
    </div>
  </div>
</div>
`;
