// Jest Snapshot v1, https://goo.gl/fbAQLP

exports[`<AddBankModal  /> should match snapshot 1`] = `null`;
