// Jest Snapshot v1, https://goo.gl/fbAQLP

exports[`<ResetPassword  /> should match snapshot 1`] = `
.c6 label {
  font-weight: bold;
}

.c5 button {
  width: 100%;
  text-align: center;
  font-weight: 500 !important;
  font-size: 16px !important;
}

.c3 {
  text-align: center;
}

.c1 {
  position: fixed;
  width: 100%;
  height: 100%;
  overflow: auto;
  top: 50%;
  left: 50%;
  -webkit-transform: translate(-50%,-50%);
  -webkit-transform: translate(-50%,-50%);
  -ms-transform: translate(-50%,-50%);
  transform: translate(-50%,-50%);
}

.c2 {
  background-color: #fff;
  padding: 2em;
  border-radius: 5px;
  box-shadow: 0px 0px 10px rgb(0 0 0 / 30%);
}

.c0 {
  background-color: #ececec;
  position: absolute;
  top: 0;
  left: 0;
  width: 100%;
  height: 100%;
}

.c4 {
  text-align: center;
  color: gray;
  width: 75%;
  margin: 0 auto;
}

.c4 span {
  font-size: 100px;
  margin: 20px 0;
}

<div
  class="c0"
>
  <div
    class="ant-row ant-row-center ant-row-middle c1"
  >
    <div
      class="ant-col c2 ant-col-xs-21 ant-col-lg-10 ant-col-xl-8 ant-col-xxl-6"
    >
      <div
        class="c3"
      >
        <h1>
          ResetPasswordPage.form.title
          Reset Your Password
        </h1>
      </div>
      <div
        class="c4"
      >
        <div>
          <span
            aria-label="lock"
            class="anticon anticon-lock"
            role="img"
          >
            <svg
              aria-hidden="true"
              data-icon="lock"
              fill="currentColor"
              focusable="false"
              height="1em"
              viewBox="64 64 896 896"
              width="1em"
            >
              <path
                d="M832 464h-68V240c0-70.7-57.3-128-128-128H388c-70.7 0-128 57.3-128 128v224h-68c-17.7 0-32 14.3-32 32v384c0 17.7 14.3 32 32 32h640c17.7 0 32-14.3 32-32V496c0-17.7-14.3-32-32-32zM332 240c0-30.9 25.1-56 56-56h248c30.9 0 56 25.1 56 56v224H332V240zm460 600H232V536h560v304z"
                fill="#1890ff"
              />
              <path
                d="M232 840h560V536H232v304zm280-226a48.01 48.01 0 0128 87v53c0 4.4-3.6 8-8 8h-40c-4.4 0-8-3.6-8-8v-53a48.01 48.01 0 0128-87z"
                fill="#e6f7ff"
              />
              <path
                d="M484 701v53c0 4.4 3.6 8 8 8h40c4.4 0 8-3.6 8-8v-53a48.01 48.01 0 10-56 0z"
                fill="#1890ff"
              />
            </svg>
          </span>
        </div>
      </div>
      <div
        class="c5"
      >
        <form
          class="ant-form ant-form-horizontal"
        >
          <div
            class="ant-row ant-form-item c6"
          >
            <div
              class="ant-col ant-col-24 ant-form-item-label"
            >
              <label
                class="ant-form-item-required"
                for="new_password1"
                title=""
              >
                ResetPasswordPage.form.newPassword.label
                New Password
              </label>
            </div>
            <div
              class="ant-col ant-col-24 ant-form-item-control"
            >
              <div
                class="ant-form-item-control-input"
              >
                <div
                  class="ant-form-item-control-input-content"
                >
                  <span
                    class="ant-input-affix-wrapper ant-input-affix-wrapper-lg ant-input-password ant-input-password-large"
                  >
                    <span
                      class="ant-input-prefix"
                    >
                      <span
                        aria-label="lock"
                        class="anticon anticon-lock"
                        role="img"
                      >
                        <svg
                          aria-hidden="true"
                          data-icon="lock"
                          fill="currentColor"
                          focusable="false"
                          height="1em"
                          viewBox="64 64 896 896"
                          width="1em"
                        >
                          <path
                            d="M832 464h-68V240c0-70.7-57.3-128-128-128H388c-70.7 0-128 57.3-128 128v224h-68c-17.7 0-32 14.3-32 32v384c0 17.7 14.3 32 32 32h640c17.7 0 32-14.3 32-32V496c0-17.7-14.3-32-32-32zM332 240c0-30.9 25.1-56 56-56h248c30.9 0 56 25.1 56 56v224H332V240zm460 600H232V536h560v304zM484 701v53c0 4.4 3.6 8 8 8h40c4.4 0 8-3.6 8-8v-53a48.01 48.01 0 10-56 0z"
                          />
                        </svg>
                      </span>
                    </span>
                    <input
                      action="click"
                      class="ant-input ant-input-lg"
                      id="new_password1"
                      placeholder="ResetPasswordPage.form.newPassword.placeholder,Input your new password"
                      type="password"
                      value=""
                    />
                    <span
                      class="ant-input-suffix"
                    >
                      <span
                        aria-label="eye-invisible"
                        class="anticon anticon-eye-invisible ant-input-password-icon"
                        role="img"
                        tabindex="-1"
                      >
                        <svg
                          aria-hidden="true"
                          data-icon="eye-invisible"
                          fill="currentColor"
                          focusable="false"
                          height="1em"
                          viewBox="64 64 896 896"
                          width="1em"
                        >
                          <path
                            d="M942.2 486.2Q889.47 375.11 816.7 305l-50.88 50.88C807.31 395.53 843.45 447.4 874.7 512 791.5 684.2 673.4 766 512 766q-72.67 0-133.87-22.38L323 798.75Q408 838 512 838q288.3 0 430.2-300.3a60.29 60.29 0 000-51.5zm-63.57-320.64L836 122.88a8 8 0 00-11.32 0L715.31 232.2Q624.86 186 512 186q-288.3 0-430.2 300.3a60.3 60.3 0 000 51.5q56.69 119.4 136.5 191.41L112.48 835a8 8 0 000 11.31L155.17 889a8 8 0 0011.31 0l712.15-712.12a8 8 0 000-11.32zM149.3 512C232.6 339.8 350.7 258 512 258c54.54 0 104.13 9.36 149.12 28.39l-70.3 70.3a176 176 0 00-238.13 238.13l-83.42 83.42C223.1 637.49 183.3 582.28 149.3 512zm246.7 0a112.11 112.11 0 01146.2-106.69L401.31 546.2A112 112 0 01396 512z"
                          />
                          <path
                            d="M508 624c-3.46 0-6.87-.16-10.25-.47l-52.82 52.82a176.09 176.09 0 00227.42-227.42l-52.82 52.82c.31 3.38.47 6.79.47 10.25a111.94 111.94 0 01-112 112z"
                          />
                        </svg>
                      </span>
                    </span>
                  </span>
                </div>
              </div>
            </div>
          </div>
          <div
            class="ant-row ant-form-item c6"
          >
            <div
              class="ant-col ant-col-24 ant-form-item-label"
            >
              <label
                class="ant-form-item-required"
                for="new_password2"
                title=""
              >
                ResetPasswordPage.form.retypePassword.label
                Confirm Password
              </label>
            </div>
            <div
              class="ant-col ant-col-24 ant-form-item-control"
            >
              <div
                class="ant-form-item-control-input"
              >
                <div
                  class="ant-form-item-control-input-content"
                >
                  <span
                    class="ant-input-affix-wrapper ant-input-affix-wrapper-lg ant-input-password ant-input-password-large"
                  >
                    <span
                      class="ant-input-prefix"
                    >
                      <span
                        aria-label="lock"
                        class="anticon anticon-lock"
                        role="img"
                      >
                        <svg
                          aria-hidden="true"
                          data-icon="lock"
                          fill="currentColor"
                          focusable="false"
                          height="1em"
                          viewBox="64 64 896 896"
                          width="1em"
                        >
                          <path
                            d="M832 464h-68V240c0-70.7-57.3-128-128-128H388c-70.7 0-128 57.3-128 128v224h-68c-17.7 0-32 14.3-32 32v384c0 17.7 14.3 32 32 32h640c17.7 0 32-14.3 32-32V496c0-17.7-14.3-32-32-32zM332 240c0-30.9 25.1-56 56-56h248c30.9 0 56 25.1 56 56v224H332V240zm460 600H232V536h560v304zM484 701v53c0 4.4 3.6 8 8 8h40c4.4 0 8-3.6 8-8v-53a48.01 48.01 0 10-56 0z"
                          />
                        </svg>
                      </span>
                    </span>
                    <input
                      action="click"
                      class="ant-input ant-input-lg"
                      id="new_password2"
                      placeholder="ResetPasswordPage.form.retypePassword.placeholder,Confirm your new password"
                      type="password"
                      value=""
                    />
                    <span
                      class="ant-input-suffix"
                    >
                      <span
                        aria-label="eye-invisible"
                        class="anticon anticon-eye-invisible ant-input-password-icon"
                        role="img"
                        tabindex="-1"
                      >
                        <svg
                          aria-hidden="true"
                          data-icon="eye-invisible"
                          fill="currentColor"
                          focusable="false"
                          height="1em"
                          viewBox="64 64 896 896"
                          width="1em"
                        >
                          <path
                            d="M942.2 486.2Q889.47 375.11 816.7 305l-50.88 50.88C807.31 395.53 843.45 447.4 874.7 512 791.5 684.2 673.4 766 512 766q-72.67 0-133.87-22.38L323 798.75Q408 838 512 838q288.3 0 430.2-300.3a60.29 60.29 0 000-51.5zm-63.57-320.64L836 122.88a8 8 0 00-11.32 0L715.31 232.2Q624.86 186 512 186q-288.3 0-430.2 300.3a60.3 60.3 0 000 51.5q56.69 119.4 136.5 191.41L112.48 835a8 8 0 000 11.31L155.17 889a8 8 0 0011.31 0l712.15-712.12a8 8 0 000-11.32zM149.3 512C232.6 339.8 350.7 258 512 258c54.54 0 104.13 9.36 149.12 28.39l-70.3 70.3a176 176 0 00-238.13 238.13l-83.42 83.42C223.1 637.49 183.3 582.28 149.3 512zm246.7 0a112.11 112.11 0 01146.2-106.69L401.31 546.2A112 112 0 01396 512z"
                          />
                          <path
                            d="M508 624c-3.46 0-6.87-.16-10.25-.47l-52.82 52.82a176.09 176.09 0 00227.42-227.42l-52.82 52.82c.31 3.38.47 6.79.47 10.25a111.94 111.94 0 01-112 112z"
                          />
                        </svg>
                      </span>
                    </span>
                  </span>
                </div>
              </div>
            </div>
          </div>
          <div
            class="ant-row ant-form-item c6"
          >
            <div
              class="ant-col ant-col-24 ant-form-item-label"
            >
              <label
                class="ant-form-item-required"
                for="otp"
                title=""
              >
                ResetPasswordPage.form.otp.label
                OTP
              </label>
            </div>
            <div
              class="ant-col ant-col-24 ant-form-item-control"
            >
              <div
                class="ant-form-item-control-input"
              >
                <div
                  class="ant-form-item-control-input-content"
                >
                  <span
                    class="ant-input-affix-wrapper ant-input-affix-wrapper-lg ant-input-password ant-input-password-large"
                  >
                    <span
                      class="ant-input-prefix"
                    >
                      <span
                        aria-label="lock"
                        class="anticon anticon-lock"
                        role="img"
                      >
                        <svg
                          aria-hidden="true"
                          data-icon="lock"
                          fill="currentColor"
                          focusable="false"
                          height="1em"
                          viewBox="64 64 896 896"
                          width="1em"
                        >
                          <path
                            d="M832 464h-68V240c0-70.7-57.3-128-128-128H388c-70.7 0-128 57.3-128 128v224h-68c-17.7 0-32 14.3-32 32v384c0 17.7 14.3 32 32 32h640c17.7 0 32-14.3 32-32V496c0-17.7-14.3-32-32-32zM332 240c0-30.9 25.1-56 56-56h248c30.9 0 56 25.1 56 56v224H332V240zm460 600H232V536h560v304zM484 701v53c0 4.4 3.6 8 8 8h40c4.4 0 8-3.6 8-8v-53a48.01 48.01 0 10-56 0z"
                          />
                        </svg>
                      </span>
                    </span>
                    <input
                      action="click"
                      class="ant-input ant-input-lg"
                      id="otp"
                      placeholder="ResetPasswordPage.form.otp.placeholder,Input your OTP sent in your email"
                      type="password"
                      value=""
                    />
                    <span
                      class="ant-input-suffix"
                    >
                      <span
                        aria-label="eye-invisible"
                        class="anticon anticon-eye-invisible ant-input-password-icon"
                        role="img"
                        tabindex="-1"
                      >
                        <svg
                          aria-hidden="true"
                          data-icon="eye-invisible"
                          fill="currentColor"
                          focusable="false"
                          height="1em"
                          viewBox="64 64 896 896"
                          width="1em"
                        >
                          <path
                            d="M942.2 486.2Q889.47 375.11 816.7 305l-50.88 50.88C807.31 395.53 843.45 447.4 874.7 512 791.5 684.2 673.4 766 512 766q-72.67 0-133.87-22.38L323 798.75Q408 838 512 838q288.3 0 430.2-300.3a60.29 60.29 0 000-51.5zm-63.57-320.64L836 122.88a8 8 0 00-11.32 0L715.31 232.2Q624.86 186 512 186q-288.3 0-430.2 300.3a60.3 60.3 0 000 51.5q56.69 119.4 136.5 191.41L112.48 835a8 8 0 000 11.31L155.17 889a8 8 0 0011.31 0l712.15-712.12a8 8 0 000-11.32zM149.3 512C232.6 339.8 350.7 258 512 258c54.54 0 104.13 9.36 149.12 28.39l-70.3 70.3a176 176 0 00-238.13 238.13l-83.42 83.42C223.1 637.49 183.3 582.28 149.3 512zm246.7 0a112.11 112.11 0 01146.2-106.69L401.31 546.2A112 112 0 01396 512z"
                          />
                          <path
                            d="M508 624c-3.46 0-6.87-.16-10.25-.47l-52.82 52.82a176.09 176.09 0 00227.42-227.42l-52.82 52.82c.31 3.38.47 6.79.47 10.25a111.94 111.94 0 01-112 112z"
                          />
                        </svg>
                      </span>
                    </span>
                  </span>
                </div>
              </div>
            </div>
          </div>
          <div
            class="ant-row ant-form-item c6"
          >
            <div
              class="ant-col ant-col-24 ant-form-item-control"
            >
              <div
                class="ant-form-item-control-input"
              >
                <div
                  class="ant-form-item-control-input-content"
                >
                  <button
                    class="ant-btn ant-btn-primary ant-btn-lg ant-btn-block"
                    type="submit"
                  >
                    <span>
                      ResetPasswordPage.form.resetButtonReset Password
                    </span>
                  </button>
                </div>
              </div>
            </div>
          </div>
        </form>
      </div>
    </div>
  </div>
</div>
`;
