// Jest Snapshot v1, https://goo.gl/fbAQLP

exports[`<ProfileInfo  /> should match snapshot 1`] = `
.c0 {
  color: #1890ff;
  margin-bottom: 24px;
}

<div
  class="c0"
>
  <b>
    UserDetailPage.modal.form.profile.title
    Profile Infomation
  </b>
</div>
`;
