// Jest Snapshot v1, https://goo.gl/fbAQLP

exports[`<Notes  /> should match snapshot 1`] = `
.c0 {
  background-color: white;
  padding: 1rem;
  box-shadow: 0px 3px 6px 0px rgba(0,0,0,0.16);
  border-radius: 12px;
}

.c1 {
  display: -webkit-box;
  display: -webkit-flex;
  display: -ms-flexbox;
  display: flex;
  -webkit-box-pack: end;
  -webkit-justify-content: flex-end;
  -ms-flex-pack: end;
  justify-content: flex-end;
  padding-bottom: 20px;
}

.c2 svg {
  vertical-align: baseline;
}

<div
  class="c0"
>
  <div
    class="c1"
  >
    <button
      class="ant-btn ant-btn-primary ant-btn-lg c2"
      type="button"
    >
      <span
        aria-label="form"
        class="anticon anticon-form"
        role="img"
      >
        <svg
          aria-hidden="true"
          data-icon="form"
          fill="currentColor"
          focusable="false"
          height="1em"
          viewBox="64 64 896 896"
          width="1em"
        >
          <path
            d="M904 512h-56c-4.4 0-8 3.6-8 8v320H184V184h320c4.4 0 8-3.6 8-8v-56c0-4.4-3.6-8-8-8H144c-17.7 0-32 14.3-32 32v736c0 17.7 14.3 32 32 32h736c17.7 0 32-14.3 32-32V520c0-4.4-3.6-8-8-8z"
          />
          <path
            d="M355.9 534.9L354 653.8c-.1 8.9 7.1 16.2 16 16.2h.4l118-2.9c2-.1 4-.9 5.4-2.3l415.9-415c3.1-3.1 3.1-8.2 0-11.3L785.4 114.3c-1.6-1.6-3.6-2.3-5.7-2.3s-4.1.8-5.7 2.3l-415.8 415a8.3 8.3 0 00-2.3 5.6zm63.5 23.6L779.7 199l45.2 45.1-360.5 359.7-45.7 1.1.7-46.4z"
          />
        </svg>
      </span>
      <span>
        Create Notes
      </span>
    </button>
  </div>
  <div
    class="ant-table-wrapper"
  >
    <div
      class="ant-spin-nested-loading"
    >
      <div
        class="ant-spin-container"
      >
        <div
          class="ant-table"
        >
          <div
            class="ant-table-container"
          >
            <div
              class="ant-table-content"
            >
              <table
                style="table-layout: auto;"
              >
                <colgroup />
                <thead
                  class="ant-table-thead"
                >
                  <tr>
                    <th
                      class="ant-table-cell"
                    >
                      Type
                    </th>
                    <th
                      class="ant-table-cell"
                    >
                      Summary
                    </th>
                    <th
                      class="ant-table-cell"
                    >
                      Date
                    </th>
                    <th
                      class="ant-table-cell"
                    >
                      Content
                    </th>
                    <th
                      class="ant-table-cell"
                    >
                      Timestamp
                    </th>
                    <th
                      class="ant-table-cell"
                    >
                      Actions
                    </th>
                  </tr>
                </thead>
                <tbody
                  class="ant-table-tbody"
                >
                  <tr
                    class="ant-table-row ant-table-row-level-0"
                  >
                    <td
                      class="ant-table-cell"
                    >
                      A
                    </td>
                    <td
                      class="ant-table-cell"
                    >
                      B
                    </td>
                    <td
                      class="ant-table-cell"
                    >
                      2021-05-24 03:51:24
                    </td>
                    <td
                      class="ant-table-cell"
                    >
                      D
                    </td>
                    <td
                      class="ant-table-cell"
                    >
                      E
                    </td>
                    <td
                      class="ant-table-cell"
                    >
                      <button
                        class="ant-btn ant-btn-circle ant-btn-sm ant-btn-icon-only c2"
                        type="button"
                      >
                        <span
                          aria-label="more"
                          class="anticon anticon-more"
                          role="img"
                        >
                          <svg
                            aria-hidden="true"
                            data-icon="more"
                            fill="currentColor"
                            focusable="false"
                            height="1em"
                            viewBox="64 64 896 896"
                            width="1em"
                          >
                            <path
                              d="M456 231a56 56 0 10112 0 56 56 0 10-112 0zm0 280a56 56 0 10112 0 56 56 0 10-112 0zm0 280a56 56 0 10112 0 56 56 0 10-112 0z"
                            />
                          </svg>
                        </span>
                      </button>
                    </td>
                  </tr>
                  <tr
                    class="ant-table-row ant-table-row-level-0"
                  >
                    <td
                      class="ant-table-cell"
                    >
                      F
                    </td>
                    <td
                      class="ant-table-cell"
                    >
                      G
                    </td>
                    <td
                      class="ant-table-cell"
                    >
                      2021-05-24 03:51:33
                    </td>
                    <td
                      class="ant-table-cell"
                    >
                      H
                    </td>
                    <td
                      class="ant-table-cell"
                    >
                      I
                    </td>
                    <td
                      class="ant-table-cell"
                    >
                      <button
                        class="ant-btn ant-btn-circle ant-btn-sm ant-btn-icon-only c2"
                        type="button"
                      >
                        <span
                          aria-label="more"
                          class="anticon anticon-more"
                          role="img"
                        >
                          <svg
                            aria-hidden="true"
                            data-icon="more"
                            fill="currentColor"
                            focusable="false"
                            height="1em"
                            viewBox="64 64 896 896"
                            width="1em"
                          >
                            <path
                              d="M456 231a56 56 0 10112 0 56 56 0 10-112 0zm0 280a56 56 0 10112 0 56 56 0 10-112 0zm0 280a56 56 0 10112 0 56 56 0 10-112 0z"
                            />
                          </svg>
                        </span>
                      </button>
                    </td>
                  </tr>
                </tbody>
              </table>
            </div>
          </div>
        </div>
        <ul
          class="ant-pagination ant-table-pagination ant-table-pagination-right"
          unselectable="unselectable"
        >
          <li
            aria-disabled="true"
            class="ant-pagination-prev ant-pagination-disabled"
            title="Previous Page"
          >
            <button
              class="ant-pagination-item-link"
              disabled=""
              tabindex="-1"
              type="button"
            >
              <span
                aria-label="left"
                class="anticon anticon-left"
                role="img"
              >
                <svg
                  aria-hidden="true"
                  data-icon="left"
                  fill="currentColor"
                  focusable="false"
                  height="1em"
                  viewBox="64 64 896 896"
                  width="1em"
                >
                  <path
                    d="M724 218.3V141c0-6.7-7.7-10.4-12.9-6.3L260.3 486.8a31.86 31.86 0 000 50.3l450.8 352.1c5.3 4.1 12.9.4 12.9-6.3v-77.3c0-4.9-2.3-9.6-6.1-12.6l-360-281 360-281.1c3.8-3 6.1-7.7 6.1-12.6z"
                  />
                </svg>
              </span>
            </button>
          </li>
          <li
            class="ant-pagination-item ant-pagination-item-1 ant-pagination-item-active"
            tabindex="0"
            title="1"
          >
            <a
              rel="nofollow"
            >
              1
            </a>
          </li>
          <li
            aria-disabled="true"
            class="ant-pagination-next ant-pagination-disabled"
            title="Next Page"
          >
            <button
              class="ant-pagination-item-link"
              disabled=""
              tabindex="-1"
              type="button"
            >
              <span
                aria-label="right"
                class="anticon anticon-right"
                role="img"
              >
                <svg
                  aria-hidden="true"
                  data-icon="right"
                  fill="currentColor"
                  focusable="false"
                  height="1em"
                  viewBox="64 64 896 896"
                  width="1em"
                >
                  <path
                    d="M765.7 486.8L314.9 134.7A7.97 7.97 0 00302 141v77.3c0 4.9 2.3 9.6 6.1 12.6l360 281.1-360 281.1c-3.9 3-6.1 7.7-6.1 12.6V883c0 6.7 7.7 10.4 12.9 6.3l450.8-352.1a31.96 31.96 0 000-50.4z"
                  />
                </svg>
              </span>
            </button>
          </li>
        </ul>
      </div>
    </div>
  </div>
</div>
`;
