// Jest Snapshot v1, https://goo.gl/fbAQLP

exports[`<SocialNetwork  /> should match snapshot 1`] = `
.c0 {
  color: #1890ff;
  margin-bottom: 24px;
}

<div
  class="c0"
>
  <b>
    UserDetailPage.modal.form.social.title
    Social Network
  </b>
</div>
`;
