// Jest Snapshot v1, https://goo.gl/fbAQLP

exports[`<UserDetailPage  /> should match snapshot 1`] = `
.c1 {
  font-size: 25px;
  line-height: 30px;
  color: rgb(112 112 112);
  padding: 0;
  margin: 0;
}

.c0 {
  padding: 1rem;
  background-color: white;
  border-radius: 12px;
  box-shadow: 0px 3px 6px 0px rgba(0,0,0,0.16);
  width: 100%;
}

<div
  class="c0"
>
  <div
    class="ant-row ant-row-space-between ant-row-middle"
    style="margin: -8px -8px -8px -8px;"
  >
    <div
      class="ant-col ant-col-xs-24 ant-col-sm-16"
      style="padding: 8px 8px 8px 8px;"
    >
      <p
        class="c1"
      >
        Employee Name
      </p>
    </div>
  </div>
</div>
`;
