// Jest Snapshot v1, https://goo.gl/fbAQLP

exports[`<DialogModal  /> should match snapshot 1`] = `null`;
