// Jest Snapshot v1, https://goo.gl/fbAQLP

exports[`<HeaderButton  /> should match snapshot 1`] = `
.c0 {
  margin-left: 1em;
  margin-bottom: 1em;
}

.c0 button {
  display: -webkit-box;
  display: -webkit-flex;
  display: -ms-flexbox;
  display: flex;
  -webkit-align-items: center;
  -webkit-box-align: center;
  -ms-flex-align: center;
  align-items: center;
}

.c1 label {
  display: -webkit-box;
  display: -webkit-flex;
  display: -ms-flexbox;
  display: flex;
  -webkit-align-items: center;
  -webkit-box-align: center;
  -ms-flex-align: center;
  align-items: center;
}

.c1 label span {
  margin-right: 10px;
}

.c1 label:hover {
  cursor: pointer;
}

<div
  class="ant-row ant-row-end"
>
  <div
    class="ant-col c0"
  >
    <button
      class="ant-btn ant-btn-primary ant-btn-lg"
      type="button"
    >
      <span
        aria-label="user-add"
        class="anticon anticon-user-add"
        role="img"
      >
        <svg
          aria-hidden="true"
          data-icon="user-add"
          fill="currentColor"
          focusable="false"
          height="1em"
          viewBox="64 64 896 896"
          width="1em"
        >
          <path
            d="M678.3 642.4c24.2-13 51.9-20.4 81.4-20.4h.1c3 0 4.4-3.6 2.2-5.6a371.67 371.67 0 00-103.7-65.8c-.4-.2-.8-.3-1.2-.5C719.2 505 759.6 431.7 759.6 349c0-137-110.8-248-247.5-248S264.7 212 264.7 349c0 82.7 40.4 156 102.6 201.1-.4.2-.8.3-1.2.5-44.7 18.9-84.8 46-119.3 80.6a373.42 373.42 0 00-80.4 119.5A373.6 373.6 0 00137 888.8a8 8 0 008 8.2h59.9c4.3 0 7.9-3.5 8-7.8 2-77.2 32.9-149.5 87.6-204.3C357 628.2 432.2 597 512.2 597c56.7 0 111.1 15.7 158 45.1a8.1 8.1 0 008.1.3zM512.2 521c-45.8 0-88.9-17.9-121.4-50.4A171.2 171.2 0 01340.5 349c0-45.9 17.9-89.1 50.3-121.6S466.3 177 512.2 177s88.9 17.9 121.4 50.4A171.2 171.2 0 01683.9 349c0 45.9-17.9 89.1-50.3 121.6C601.1 503.1 558 521 512.2 521zM880 759h-84v-84c0-4.4-3.6-8-8-8h-56c-4.4 0-8 3.6-8 8v84h-84c-4.4 0-8 3.6-8 8v56c0 4.4 3.6 8 8 8h84v84c0 4.4 3.6 8 8 8h56c4.4 0 8-3.6 8-8v-84h84c4.4 0 8-3.6 8-8v-56c0-4.4-3.6-8-8-8z"
          />
        </svg>
      </span>
      <span>
        Create Employee
      </span>
    </button>
  </div>
  <div
    class="ant-col c0"
  >
    <button
      class="ant-btn ant-btn-lg"
      type="button"
    >
      <span
        aria-label="export"
        class="anticon anticon-export"
        role="img"
      >
        <svg
          aria-hidden="true"
          data-icon="export"
          fill="currentColor"
          focusable="false"
          height="1em"
          viewBox="64 64 896 896"
          width="1em"
        >
          <path
            d="M888.3 757.4h-53.8c-4.2 0-7.7 3.5-7.7 7.7v61.8H197.1V197.1h629.8v61.8c0 4.2 3.5 7.7 7.7 7.7h53.8c4.2 0 7.7-3.4 7.7-7.7V158.7c0-17-13.7-30.7-30.7-30.7H158.7c-17 0-30.7 13.7-30.7 30.7v706.6c0 17 13.7 30.7 30.7 30.7h706.6c17 0 30.7-13.7 30.7-30.7V765.1c0-4.3-3.5-7.7-7.7-7.7zm18.6-251.7L765 393.7c-5.3-4.2-13-.4-13 6.3v76H438c-4.4 0-8 3.6-8 8v56c0 4.4 3.6 8 8 8h314v76c0 6.7 7.8 10.5 13 6.3l141.9-112a8 8 0 000-12.6z"
          />
        </svg>
      </span>
      <span>
        Export as CSV
      </span>
    </button>
  </div>
  <div
    class="ant-col c0"
  >
    <button
      class="ant-btn ant-btn-lg c1"
      type="button"
    >
      <div
        class="react-csv-input"
      >
        <label
          class="csv-label"
          for="react-csv-reader-input"
        >
          <span
            aria-label="import"
            class="anticon anticon-import"
            role="img"
          >
            <svg
              aria-hidden="true"
              data-icon="import"
              fill="currentColor"
              focusable="false"
              height="1em"
              viewBox="64 64 896 896"
              width="1em"
            >
              <path
                d="M888.3 757.4h-53.8c-4.2 0-7.7 3.5-7.7 7.7v61.8H197.1V197.1h629.8v61.8c0 4.2 3.5 7.7 7.7 7.7h53.8c4.2 0 7.7-3.4 7.7-7.7V158.7c0-17-13.7-30.7-30.7-30.7H158.7c-17 0-30.7 13.7-30.7 30.7v706.6c0 17 13.7 30.7 30.7 30.7h706.6c17 0 30.7-13.7 30.7-30.7V765.1c0-4.3-3.5-7.7-7.7-7.7zM902 476H588v-76c0-6.7-7.8-10.5-13-6.3l-141.9 112a8 8 0 000 12.6l141.9 112c5.3 4.2 13 .4 13-6.3v-76h314c4.4 0 8-3.6 8-8v-56c0-4.4-3.6-8-8-8z"
              />
            </svg>
          </span>
           
          Import CSV
        </label>
        <input
          accept=".csv, text/csv"
          class="csv-input"
          id="react-csv-reader-input"
          name="react-csv-reader-input"
          style="display: none;"
          type="file"
        />
      </div>
    </button>
  </div>
</div>
`;
